### Step 2A
/Users/shicoreyadobine

### Step 2B
shicoreyadobine@sweet-baby-ray ~ % cd /Users/shicoreyadobine/Desktop


### Step 2C
shicoreyadobine@sweet-baby-ray ~ % cd /Users/shicoreyadobine/Desktop/unit1-git-practice  


### Step 2D
shicoreyadobine@sweet-baby-ray unit1-git-practice

### Step 2E
shicoreyadobine@sweet-baby-ray unit1-git-practice % ls

### Step 2F
my-steps.txt

### Step 2G
shicoreyadobine@sweet-baby-ray unit1-git-practice % cd ..

### Step 2H
shicoreyadobine@sweet-baby-ray Desktop %

### Step 2I
Mixxx.app		].app			unit1-git-practice

### Step 2J
shicoreyadobine@sweet-baby-ray Desktop % cd ~

### Step 2K
shicoreyadobine@sweet-baby-ray ~ % cd /Users/shicoreyadobine/Desktop/unit1-git-practice 


### Step 3A
shicoreyadobine@sweet-baby-ray unit1-git-practice % mkdir veggies meats desserts
shicoreyadobine@sweet-baby-ray unit1-git-practice % ls


### Step 3B
shicoreyadobine@sweet-baby-ray unit1-git-practice % mv desserts sweets
shicoreyadobine@sweet-baby-ray unit1-git-practice % ls


### Step 3C
shicoreyadobine@sweet-baby-ray unit1-git-practice % mkdir proteins
shicoreyadobine@sweet-baby-ray unit1-git-practice % ls

### Step 3D
shicoreyadobine@sweet-baby-ray unit1-git-practice % mv meats proteins 
shicoreyadobine@sweet-baby-ray unit1-git-practice % ls
my-steps.txt	proteins	sweets		veggies
shicoreyadobine@sweet-baby-ray unit1-git-practice % cd proteins 
shicoreyadobine@sweet-baby-ray proteins % ls
meats


### Step 3E
shicoreyadobine@sweet-baby-ray proteins % cd ..
shicoreyadobine@sweet-baby-ray unit1-git-practice % ls
my-steps.txt	proteins	sweets		veggies
shicoreyadobine@sweet-baby-ray unit1-git-practice % cd veggies 
shicoreyadobine@sweet-baby-ray veggies % touch carrot.txt pea.txt
shicoreyadobine@sweet-baby-ray veggies % ls
carrot.txt	pea.txt


### Step 3F
shicoreyadobine@sweet-baby-ray veggies % cd ..
shicoreyadobine@sweet-baby-ray unit1-git-practice % ls
my-steps.txt	proteins	sweets		veggies
shicoreyadobine@sweet-baby-ray unit1-git-practice % cd sweets 
shicoreyadobine@sweet-baby-ray sweets % touch cookie.txt
shicoreyadobine@sweet-baby-ray sweets % ls
cookie.txt


### Step 3G
shicoreyadobine@sweet-baby-ray sweets % mv cookie.txt donut.txt
shicoreyadobine@sweet-baby-ray sweets % ls
donut.txt


### Step 3H
shicoreyadobine@sweet-baby-ray sweets % cd ~
shicoreyadobine@sweet-baby-ray ~ % cd /Users/shicoreyadobine/Desktop/unit1-git-practice 
shicoreyadobine@sweet-baby-ray unit1-git-practice % touch thing.txt
shicoreyadobine@sweet-baby-ray unit1-git-practice % ls


### Step 3I
shicoreyadobine@sweet-baby-ray unit1-git-practice % cp thing.txt tofu.xt
shicoreyadobine@sweet-baby-ray unit1-git-practice % ls
my-steps.txt	proteins	sweets		thing.txt	tofu.xt		veggies
shicoreyadobine@sweet-baby-ray unit1-git-practice % mv tofu.xt tofu.txt
shicoreyadobine@sweet-baby-ray unit1-git-practice % ls

### Step 3J
shicoreyadobine@sweet-baby-ray unit1-git-practice % mv tofu.txt proteins    
shicoreyadobine@sweet-baby-ray unit1-git-practice % ls
my-steps.txt	proteins	sweets		thing.txt	veggies
shicoreyadobine@sweet-baby-ray unit1-git-practice % cd proteins 
shicoreyadobine@sweet-baby-ray proteins % ls



### Step 3K
shicoreyadobine@sweet-baby-ray unit1-git-practice % cp thing.txt crab.txt
shicoreyadobine@sweet-baby-ray unit1-git-practice % cd crab.txt    
cd: not a directory: crab.txt
shicoreyadobine@sweet-baby-ray unit1-git-practice % ls
crab.txt	my-steps.txt	proteins	sweets		thing.txt	veggies
shicoreyadobine@sweet-baby-ray unit1-git-practice % mv crab.txt proteins/meats 
shicoreyadobine@sweet-baby-ray unit1-git-practice % ls
my-steps.txt	proteins	sweets		thing.txt	veggies
shicoreyadobine@sweet-baby-ray unit1-git-practice % cd proteins 
shicoreyadobine@sweet-baby-ray proteins % ls
meats		tofu.txt
shicoreyadobine@sweet-baby-ray proteins % cd meats 
shicoreyadobine@sweet-baby-ray meats % ls


### Step 3L
shicoreyadobine@sweet-baby-ray unit1-git-practice % rm thing.txt 

### Step 3M
shicoreyadobine@sweet-baby-ray unit1-git-practice % cp -r veggies plants

### Step 3N
shicoreyadobine@sweet-baby-ray unit1-git-practice % mkdir drinks
shicoreyadobine@sweet-baby-ray unit1-git-practice % rm -r drinks


### Step 4
shicoreyadobine@sweet-baby-ray unit1-git-practice % git init
Initialized empty Git repository in /Users/shicoreyadobine/Desktop/unit1-git-practice/.git/
shicoreyadobine@sweet-baby-ray unit1-git-practice % git status
On branch main

No commits yet

Untracked files:
  (use "git add <file>..." to include in what will be committed)
	my-steps.txt
	plants/
	proteins/
	sweets/
	veggies/

nothing added to commit but untracked files present (use "git add" to track)
shicoreyadobine@sweet-baby-ray unit1-git-practice % git add .
shicoreyadobine@sweet-baby-ray unit1-git-practice % git status
On branch main

No commits yet

Changes to be committed:
  (use "git rm --cached <file>..." to unstage)
	new file:   my-steps.txt
	new file:   plants/carrot.txt
	new file:   plants/pea.txt
	new file:   proteins/meats/crab.txt
	new file:   proteins/tofu.txt
	new file:   sweets/donut.txt
	new file:   veggies/carrot.txt
	new file:   veggies/pea.txt



### Step 5
shicoreyadobine@sweet-baby-ray unit1-git-practice % git remote add origin https://github.com/S-Dobine/deliverable1.git
git branch -M main
git push -u origin main
error: remote origin already exists.
Username for 'https://github.com': s-dobine
Password for 'https://s-dobine@github.com': 
Enumerating objects: 8, done.
Counting objects: 100% (8/8), done.
Delta compression using up to 8 threads
Compressing objects: 100% (5/5), done.
Writing objects: 100% (8/8), 1.15 KiB | 1.15 MiB/s, done.
Total 8 (delta 0), reused 0 (delta 0), pack-reused 0
To https://github.com/S-Dobine/deliverable1.git
 * [new branch]      main -> main
branch 'main' set up to track 'origin/main'.


### Step 6


### Step 7
*** DO NOT RECORD STEP 7 ***